// Jest Snapshot v1, https://goo.gl/fbAQLP

exports[`should render correctly to default light theme 1`] = `
.c0 {
  display: -webkit-box;
  display: -webkit-flex;
  display: -ms-flexbox;
  display: flex;
  -webkit-align-items: center;
  -webkit-box-align: center;
  -ms-flex-align: center;
  align-items: center;
  height: 58px;
  padding-left: 16px;
  padding-right: 16px;
  -webkit-box-pack: justify;
  -webkit-justify-content: space-between;
  -ms-flex-pack: justify;
  justify-content: space-between;
  background: #1976d2;
  color: #fff;
}

<header
  class="c0"
>
  Noooooo!!!!!
</header>
`;
